src/modules/auth/permission.service.ts(59,42): error TS2339: Property 'name' does not exist on type '{ name: any; }[]'.
src/modules/billing/stripe/stripe.client.ts(6,3): error TS2322: Type '"2025-02-24.acacia"' is not assignable to type '"2026-02-25.clover"'.
src/modules/cases/components/AuditLogViewer.tsx(3,10): error TS2724: '"@/utils/formatters"' has no exported member named 'formatDateTime'. Did you mean 'formatDate'?
src/modules/infra/logging/logger.service.ts(1,26): error TS2307: Cannot find module '../../lib/supabaseClient' or its corresponding type declarations.
src/modules/legal-vertical/litigation.service.ts(1,26): error TS2307: Cannot find module '../../../lib/supabaseClient' or its corresponding type declarations.
src/pages/AIIntakeConfirmation.tsx(73,16): error TS2304: Cannot find name 'Zap'.
src/pages/PaymentVouchers.tsx(563,23): error TS2304: Cannot find name 'searchResults'.
src/pages/PaymentVouchers.tsx(565,31): error TS2304: Cannot find name 'searchResults'.
src/pages/PaymentVouchers.tsx(905,71): error TS2551: Property 'approved_by' does not exist on type 'PaymentVoucher'. Did you mean 'approved_at'?
src/pages/PaymentVouchers.tsx(913,71): error TS2551: Property 'categorized_by' does not exist on type 'PaymentVoucher'. Did you mean 'categorized_at'?
src/pages/PaymentVouchers.tsx(918,71): error TS2339: Property 'paid_by' does not exist on type 'PaymentVoucher'.
